---
source: src/node.rs
expression: "&msg"
---
{
  "src": "foo",
  "dest": "bar",
  "body": {
    "msg_id": 10,
    "in_reply_to": 55,
    "type": "echo",
    "echo": "foobar"
  }
}
