---
source: src/main.rs
expression: "format!(\"{:?}\", msg)"
---
Message { src: "foo", dest: "bar", body: Body { id: Some(10), in_reply_to: Some(55), payload: Echo { echo: "foobar" } } }
